// Jest Snapshot v1, https://goo.gl/fbAQLP

exports[`ZipSearch should match snapshot 1`] = `
ShallowWrapper {
  "length": 1,
  Symbol(enzyme.__root__): [Circular],
  Symbol(enzyme.__unrendered__): <ZipSearch />,
  Symbol(enzyme.__renderer__): Object {
    "batchedUpdates": [Function],
    "getNode": [Function],
    "render": [Function],
    "simulateEvent": [Function],
    "unmount": [Function],
  },
  Symbol(enzyme.__node__): Object {
    "instance": null,
    "key": undefined,
    "nodeType": "host",
    "props": Object {
      "children": Array [
        <Announcement />,
        <Header />,
        <main>
          <Hero
                    handleSubmit={[Function]}
                    hasError={false}
                    setSearchReference={[Function]}
          />
          <h1
                    className="card-header"
          >
                    Everything you love about Target at your fingertips.
          </h1>
          <section
                    className="cards"
          >
                    <Card
                              description="Create an order from your local store in our app or on our website."
                              step="1"
                              title="Scroll through the aisles."
                    />
                    <Card
                              description="Connect with your shopper and get live updates from the aisles."
                              step="2"
                              title="Our shoppers work their magic."
                    />
                    <Card
                              description="Schedule a delivery, and your order will arrive in as soon as 1 hour."
                              step="3"
                              title="We deliver your groceries."
                    />
          </section>
          <div
                    className="button-area"
          >
                    <Button
                              onClick={[Function]}
                              size="large"
                              text="Get Started"
                    />
          </div>
</main>,
        <Footer />,
      ],
    },
    "ref": null,
    "rendered": Array [
      Object {
        "instance": null,
        "key": undefined,
        "nodeType": "class",
        "props": Object {},
        "ref": null,
        "rendered": null,
        "type": [Function],
      },
      Object {
        "instance": null,
        "key": undefined,
        "nodeType": "class",
        "props": Object {},
        "ref": null,
        "rendered": null,
        "type": [Function],
      },
      Object {
        "instance": null,
        "key": undefined,
        "nodeType": "host",
        "props": Object {
          "children": Array [
            <Hero
              handleSubmit={[Function]}
              hasError={false}
              setSearchReference={[Function]}
/>,
            undefined,
            <h1
              className="card-header"
>
              Everything you love about Target at your fingertips.
</h1>,
            <section
              className="cards"
>
              <Card
                            description="Create an order from your local store in our app or on our website."
                            step="1"
                            title="Scroll through the aisles."
              />
              <Card
                            description="Connect with your shopper and get live updates from the aisles."
                            step="2"
                            title="Our shoppers work their magic."
              />
              <Card
                            description="Schedule a delivery, and your order will arrive in as soon as 1 hour."
                            step="3"
                            title="We deliver your groceries."
              />
</section>,
            <div
              className="button-area"
>
              <Button
                            onClick={[Function]}
                            size="large"
                            text="Get Started"
              />
</div>,
          ],
        },
        "ref": null,
        "rendered": Array [
          Object {
            "instance": null,
            "key": undefined,
            "nodeType": "class",
            "props": Object {
              "handleSubmit": [Function],
              "hasError": false,
              "setSearchReference": [Function],
            },
            "ref": null,
            "rendered": null,
            "type": [Function],
          },
          undefined,
          Object {
            "instance": null,
            "key": undefined,
            "nodeType": "host",
            "props": Object {
              "children": "Everything you love about Target at your fingertips.",
              "className": "card-header",
            },
            "ref": null,
            "rendered": "Everything you love about Target at your fingertips.",
            "type": "h1",
          },
          Object {
            "instance": null,
            "key": undefined,
            "nodeType": "host",
            "props": Object {
              "children": Array [
                <Card
                  description="Create an order from your local store in our app or on our website."
                  step="1"
                  title="Scroll through the aisles."
/>,
                <Card
                  description="Connect with your shopper and get live updates from the aisles."
                  step="2"
                  title="Our shoppers work their magic."
/>,
                <Card
                  description="Schedule a delivery, and your order will arrive in as soon as 1 hour."
                  step="3"
                  title="We deliver your groceries."
/>,
              ],
              "className": "cards",
            },
            "ref": null,
            "rendered": Array [
              Object {
                "instance": null,
                "key": undefined,
                "nodeType": "class",
                "props": Object {
                  "description": "Create an order from your local store in our app or on our website.",
                  "step": "1",
                  "title": "Scroll through the aisles.",
                },
                "ref": null,
                "rendered": null,
                "type": [Function],
              },
              Object {
                "instance": null,
                "key": undefined,
                "nodeType": "class",
                "props": Object {
                  "description": "Connect with your shopper and get live updates from the aisles.",
                  "step": "2",
                  "title": "Our shoppers work their magic.",
                },
                "ref": null,
                "rendered": null,
                "type": [Function],
              },
              Object {
                "instance": null,
                "key": undefined,
                "nodeType": "class",
                "props": Object {
                  "description": "Schedule a delivery, and your order will arrive in as soon as 1 hour.",
                  "step": "3",
                  "title": "We deliver your groceries.",
                },
                "ref": null,
                "rendered": null,
                "type": [Function],
              },
            ],
            "type": "section",
          },
          Object {
            "instance": null,
            "key": undefined,
            "nodeType": "host",
            "props": Object {
              "children": <Button
                onClick={[Function]}
                size="large"
                text="Get Started"
/>,
              "className": "button-area",
            },
            "ref": null,
            "rendered": Object {
              "instance": null,
              "key": undefined,
              "nodeType": "class",
              "props": Object {
                "onClick": [Function],
                "size": "large",
                "text": "Get Started",
              },
              "ref": null,
              "rendered": null,
              "type": [Function],
            },
            "type": "div",
          },
        ],
        "type": "main",
      },
      Object {
        "instance": null,
        "key": undefined,
        "nodeType": "class",
        "props": Object {},
        "ref": null,
        "rendered": null,
        "type": [Function],
      },
    ],
    "type": "div",
  },
  Symbol(enzyme.__nodes__): Array [
    Object {
      "instance": null,
      "key": undefined,
      "nodeType": "host",
      "props": Object {
        "children": Array [
          <Announcement />,
          <Header />,
          <main>
            <Hero
                        handleSubmit={[Function]}
                        hasError={false}
                        setSearchReference={[Function]}
            />
            <h1
                        className="card-header"
            >
                        Everything you love about Target at your fingertips.
            </h1>
            <section
                        className="cards"
            >
                        <Card
                                    description="Create an order from your local store in our app or on our website."
                                    step="1"
                                    title="Scroll through the aisles."
                        />
                        <Card
                                    description="Connect with your shopper and get live updates from the aisles."
                                    step="2"
                                    title="Our shoppers work their magic."
                        />
                        <Card
                                    description="Schedule a delivery, and your order will arrive in as soon as 1 hour."
                                    step="3"
                                    title="We deliver your groceries."
                        />
            </section>
            <div
                        className="button-area"
            >
                        <Button
                                    onClick={[Function]}
                                    size="large"
                                    text="Get Started"
                        />
            </div>
</main>,
          <Footer />,
        ],
      },
      "ref": null,
      "rendered": Array [
        Object {
          "instance": null,
          "key": undefined,
          "nodeType": "class",
          "props": Object {},
          "ref": null,
          "rendered": null,
          "type": [Function],
        },
        Object {
          "instance": null,
          "key": undefined,
          "nodeType": "class",
          "props": Object {},
          "ref": null,
          "rendered": null,
          "type": [Function],
        },
        Object {
          "instance": null,
          "key": undefined,
          "nodeType": "host",
          "props": Object {
            "children": Array [
              <Hero
                handleSubmit={[Function]}
                hasError={false}
                setSearchReference={[Function]}
/>,
              undefined,
              <h1
                className="card-header"
>
                Everything you love about Target at your fingertips.
</h1>,
              <section
                className="cards"
>
                <Card
                                description="Create an order from your local store in our app or on our website."
                                step="1"
                                title="Scroll through the aisles."
                />
                <Card
                                description="Connect with your shopper and get live updates from the aisles."
                                step="2"
                                title="Our shoppers work their magic."
                />
                <Card
                                description="Schedule a delivery, and your order will arrive in as soon as 1 hour."
                                step="3"
                                title="We deliver your groceries."
                />
</section>,
              <div
                className="button-area"
>
                <Button
                                onClick={[Function]}
                                size="large"
                                text="Get Started"
                />
</div>,
            ],
          },
          "ref": null,
          "rendered": Array [
            Object {
              "instance": null,
              "key": undefined,
              "nodeType": "class",
              "props": Object {
                "handleSubmit": [Function],
                "hasError": false,
                "setSearchReference": [Function],
              },
              "ref": null,
              "rendered": null,
              "type": [Function],
            },
            undefined,
            Object {
              "instance": null,
              "key": undefined,
              "nodeType": "host",
              "props": Object {
                "children": "Everything you love about Target at your fingertips.",
                "className": "card-header",
              },
              "ref": null,
              "rendered": "Everything you love about Target at your fingertips.",
              "type": "h1",
            },
            Object {
              "instance": null,
              "key": undefined,
              "nodeType": "host",
              "props": Object {
                "children": Array [
                  <Card
                    description="Create an order from your local store in our app or on our website."
                    step="1"
                    title="Scroll through the aisles."
/>,
                  <Card
                    description="Connect with your shopper and get live updates from the aisles."
                    step="2"
                    title="Our shoppers work their magic."
/>,
                  <Card
                    description="Schedule a delivery, and your order will arrive in as soon as 1 hour."
                    step="3"
                    title="We deliver your groceries."
/>,
                ],
                "className": "cards",
              },
              "ref": null,
              "rendered": Array [
                Object {
                  "instance": null,
                  "key": undefined,
                  "nodeType": "class",
                  "props": Object {
                    "description": "Create an order from your local store in our app or on our website.",
                    "step": "1",
                    "title": "Scroll through the aisles.",
                  },
                  "ref": null,
                  "rendered": null,
                  "type": [Function],
                },
                Object {
                  "instance": null,
                  "key": undefined,
                  "nodeType": "class",
                  "props": Object {
                    "description": "Connect with your shopper and get live updates from the aisles.",
                    "step": "2",
                    "title": "Our shoppers work their magic.",
                  },
                  "ref": null,
                  "rendered": null,
                  "type": [Function],
                },
                Object {
                  "instance": null,
                  "key": undefined,
                  "nodeType": "class",
                  "props": Object {
                    "description": "Schedule a delivery, and your order will arrive in as soon as 1 hour.",
                    "step": "3",
                    "title": "We deliver your groceries.",
                  },
                  "ref": null,
                  "rendered": null,
                  "type": [Function],
                },
              ],
              "type": "section",
            },
            Object {
              "instance": null,
              "key": undefined,
              "nodeType": "host",
              "props": Object {
                "children": <Button
                  onClick={[Function]}
                  size="large"
                  text="Get Started"
/>,
                "className": "button-area",
              },
              "ref": null,
              "rendered": Object {
                "instance": null,
                "key": undefined,
                "nodeType": "class",
                "props": Object {
                  "onClick": [Function],
                  "size": "large",
                  "text": "Get Started",
                },
                "ref": null,
                "rendered": null,
                "type": [Function],
              },
              "type": "div",
            },
          ],
          "type": "main",
        },
        Object {
          "instance": null,
          "key": undefined,
          "nodeType": "class",
          "props": Object {},
          "ref": null,
          "rendered": null,
          "type": [Function],
        },
      ],
      "type": "div",
    },
  ],
  Symbol(enzyme.__options__): Object {
    "adapter": ReactSixteenAdapter {
      "options": Object {
        "enableComponentDidUpdateOnSetState": true,
      },
    },
  },
}
`;
