// Jest Snapshot v1, https://goo.gl/fbAQLP

exports[`Footer should render correctly 1`] = `
ShallowWrapper {
  "length": 1,
  Symbol(enzyme.__root__): [Circular],
  Symbol(enzyme.__unrendered__): <Footer />,
  Symbol(enzyme.__renderer__): Object {
    "batchedUpdates": [Function],
    "getNode": [Function],
    "render": [Function],
    "simulateEvent": [Function],
    "unmount": [Function],
  },
  Symbol(enzyme.__node__): Object {
    "instance": null,
    "key": undefined,
    "nodeType": "host",
    "props": Object {
      "children": <p
        className="footer-text"
>
        © 2018 Shipt, Inc. and its services are not necessarily affiliated or endorsed by the retailers on this site.
</p>,
    },
    "ref": null,
    "rendered": Object {
      "instance": null,
      "key": undefined,
      "nodeType": "host",
      "props": Object {
        "children": "© 2018 Shipt, Inc. and its services are not necessarily affiliated or endorsed by the retailers on this site.",
        "className": "footer-text",
      },
      "ref": null,
      "rendered": "© 2018 Shipt, Inc. and its services are not necessarily affiliated or endorsed by the retailers on this site.",
      "type": "p",
    },
    "type": "footer",
  },
  Symbol(enzyme.__nodes__): Array [
    Object {
      "instance": null,
      "key": undefined,
      "nodeType": "host",
      "props": Object {
        "children": <p
          className="footer-text"
>
          © 2018 Shipt, Inc. and its services are not necessarily affiliated or endorsed by the retailers on this site.
</p>,
      },
      "ref": null,
      "rendered": Object {
        "instance": null,
        "key": undefined,
        "nodeType": "host",
        "props": Object {
          "children": "© 2018 Shipt, Inc. and its services are not necessarily affiliated or endorsed by the retailers on this site.",
          "className": "footer-text",
        },
        "ref": null,
        "rendered": "© 2018 Shipt, Inc. and its services are not necessarily affiliated or endorsed by the retailers on this site.",
        "type": "p",
      },
      "type": "footer",
    },
  ],
  Symbol(enzyme.__options__): Object {
    "adapter": ReactSixteenAdapter {
      "options": Object {
        "enableComponentDidUpdateOnSetState": true,
      },
    },
  },
}
`;
