// Jest Snapshot v1, https://goo.gl/fbAQLP

exports[`SearchBar should render correctly 1`] = `
ShallowWrapper {
  "length": 1,
  Symbol(enzyme.__root__): [Circular],
  Symbol(enzyme.__unrendered__): <SearchBar
    handleSubmit={[Function]}
    hasError={false}
    setSearchReference={[Function]}
/>,
  Symbol(enzyme.__renderer__): Object {
    "batchedUpdates": [Function],
    "getNode": [Function],
    "render": [Function],
    "simulateEvent": [Function],
    "unmount": [Function],
  },
  Symbol(enzyme.__node__): Object {
    "instance": null,
    "key": undefined,
    "nodeType": "host",
    "props": Object {
      "children": Array [
        <div
          className="search-bar"
>
          <div
                    className="search-icon search-icon-left"
          >
                    <i
                              className="fas fa-map-marker-alt"
                    />
          </div>
          <div
                    className="search-field"
          >
                    <input
                              autoComplete="off"
                              className="search-field-input"
                              maxLength="5"
                              name="search"
                              onChange={[Function]}
                              placeholder="Enter ZIP Code"
                              type="text"
                    />
          </div>
          <div
                    className="search-icon warning search-icon-right"
                    style={
                              Object {
                                        "visibility": "hidden",
                                      }
                    }
          >
                    <i
                              className="fas fa-exclamation-circle"
                    />
          </div>
</div>,
        <a
          className="button button-primary search-button"
          onClick={[Function]}
>
          Get Started
</a>,
      ],
      "className": "search-wrapper",
    },
    "ref": null,
    "rendered": Array [
      Object {
        "instance": null,
        "key": undefined,
        "nodeType": "host",
        "props": Object {
          "children": Array [
            <div
              className="search-icon search-icon-left"
>
              <i
                            className="fas fa-map-marker-alt"
              />
</div>,
            <div
              className="search-field"
>
              <input
                            autoComplete="off"
                            className="search-field-input"
                            maxLength="5"
                            name="search"
                            onChange={[Function]}
                            placeholder="Enter ZIP Code"
                            type="text"
              />
</div>,
            <div
              className="search-icon warning search-icon-right"
              style={
                            Object {
                                          "visibility": "hidden",
                                        }
              }
>
              <i
                            className="fas fa-exclamation-circle"
              />
</div>,
          ],
          "className": "search-bar",
        },
        "ref": null,
        "rendered": Array [
          Object {
            "instance": null,
            "key": undefined,
            "nodeType": "host",
            "props": Object {
              "children": <i
                className="fas fa-map-marker-alt"
/>,
              "className": "search-icon search-icon-left",
            },
            "ref": null,
            "rendered": Object {
              "instance": null,
              "key": undefined,
              "nodeType": "host",
              "props": Object {
                "className": "fas fa-map-marker-alt",
              },
              "ref": null,
              "rendered": null,
              "type": "i",
            },
            "type": "div",
          },
          Object {
            "instance": null,
            "key": undefined,
            "nodeType": "host",
            "props": Object {
              "children": <input
                autoComplete="off"
                className="search-field-input"
                maxLength="5"
                name="search"
                onChange={[Function]}
                placeholder="Enter ZIP Code"
                type="text"
/>,
              "className": "search-field",
            },
            "ref": null,
            "rendered": Object {
              "instance": null,
              "key": undefined,
              "nodeType": "host",
              "props": Object {
                "autoComplete": "off",
                "className": "search-field-input",
                "maxLength": "5",
                "name": "search",
                "onChange": [Function],
                "placeholder": "Enter ZIP Code",
                "type": "text",
              },
              "ref": [Function],
              "rendered": null,
              "type": "input",
            },
            "type": "div",
          },
          Object {
            "instance": null,
            "key": undefined,
            "nodeType": "host",
            "props": Object {
              "children": <i
                className="fas fa-exclamation-circle"
/>,
              "className": "search-icon warning search-icon-right",
              "style": Object {
                "visibility": "hidden",
              },
            },
            "ref": null,
            "rendered": Object {
              "instance": null,
              "key": undefined,
              "nodeType": "host",
              "props": Object {
                "className": "fas fa-exclamation-circle",
              },
              "ref": null,
              "rendered": null,
              "type": "i",
            },
            "type": "div",
          },
        ],
        "type": "div",
      },
      Object {
        "instance": null,
        "key": undefined,
        "nodeType": "host",
        "props": Object {
          "children": "Get Started",
          "className": "button button-primary search-button",
          "onClick": [Function],
        },
        "ref": null,
        "rendered": "Get Started",
        "type": "a",
      },
    ],
    "type": "div",
  },
  Symbol(enzyme.__nodes__): Array [
    Object {
      "instance": null,
      "key": undefined,
      "nodeType": "host",
      "props": Object {
        "children": Array [
          <div
            className="search-bar"
>
            <div
                        className="search-icon search-icon-left"
            >
                        <i
                                    className="fas fa-map-marker-alt"
                        />
            </div>
            <div
                        className="search-field"
            >
                        <input
                                    autoComplete="off"
                                    className="search-field-input"
                                    maxLength="5"
                                    name="search"
                                    onChange={[Function]}
                                    placeholder="Enter ZIP Code"
                                    type="text"
                        />
            </div>
            <div
                        className="search-icon warning search-icon-right"
                        style={
                                    Object {
                                                "visibility": "hidden",
                                              }
                        }
            >
                        <i
                                    className="fas fa-exclamation-circle"
                        />
            </div>
</div>,
          <a
            className="button button-primary search-button"
            onClick={[Function]}
>
            Get Started
</a>,
        ],
        "className": "search-wrapper",
      },
      "ref": null,
      "rendered": Array [
        Object {
          "instance": null,
          "key": undefined,
          "nodeType": "host",
          "props": Object {
            "children": Array [
              <div
                className="search-icon search-icon-left"
>
                <i
                                className="fas fa-map-marker-alt"
                />
</div>,
              <div
                className="search-field"
>
                <input
                                autoComplete="off"
                                className="search-field-input"
                                maxLength="5"
                                name="search"
                                onChange={[Function]}
                                placeholder="Enter ZIP Code"
                                type="text"
                />
</div>,
              <div
                className="search-icon warning search-icon-right"
                style={
                                Object {
                                                "visibility": "hidden",
                                              }
                }
>
                <i
                                className="fas fa-exclamation-circle"
                />
</div>,
            ],
            "className": "search-bar",
          },
          "ref": null,
          "rendered": Array [
            Object {
              "instance": null,
              "key": undefined,
              "nodeType": "host",
              "props": Object {
                "children": <i
                  className="fas fa-map-marker-alt"
/>,
                "className": "search-icon search-icon-left",
              },
              "ref": null,
              "rendered": Object {
                "instance": null,
                "key": undefined,
                "nodeType": "host",
                "props": Object {
                  "className": "fas fa-map-marker-alt",
                },
                "ref": null,
                "rendered": null,
                "type": "i",
              },
              "type": "div",
            },
            Object {
              "instance": null,
              "key": undefined,
              "nodeType": "host",
              "props": Object {
                "children": <input
                  autoComplete="off"
                  className="search-field-input"
                  maxLength="5"
                  name="search"
                  onChange={[Function]}
                  placeholder="Enter ZIP Code"
                  type="text"
/>,
                "className": "search-field",
              },
              "ref": null,
              "rendered": Object {
                "instance": null,
                "key": undefined,
                "nodeType": "host",
                "props": Object {
                  "autoComplete": "off",
                  "className": "search-field-input",
                  "maxLength": "5",
                  "name": "search",
                  "onChange": [Function],
                  "placeholder": "Enter ZIP Code",
                  "type": "text",
                },
                "ref": [Function],
                "rendered": null,
                "type": "input",
              },
              "type": "div",
            },
            Object {
              "instance": null,
              "key": undefined,
              "nodeType": "host",
              "props": Object {
                "children": <i
                  className="fas fa-exclamation-circle"
/>,
                "className": "search-icon warning search-icon-right",
                "style": Object {
                  "visibility": "hidden",
                },
              },
              "ref": null,
              "rendered": Object {
                "instance": null,
                "key": undefined,
                "nodeType": "host",
                "props": Object {
                  "className": "fas fa-exclamation-circle",
                },
                "ref": null,
                "rendered": null,
                "type": "i",
              },
              "type": "div",
            },
          ],
          "type": "div",
        },
        Object {
          "instance": null,
          "key": undefined,
          "nodeType": "host",
          "props": Object {
            "children": "Get Started",
            "className": "button button-primary search-button",
            "onClick": [Function],
          },
          "ref": null,
          "rendered": "Get Started",
          "type": "a",
        },
      ],
      "type": "div",
    },
  ],
  Symbol(enzyme.__options__): Object {
    "adapter": ReactSixteenAdapter {
      "options": Object {
        "enableComponentDidUpdateOnSetState": true,
      },
    },
  },
}
`;
