// Jest Snapshot v1, https://goo.gl/fbAQLP

exports[`Header should render correctly 1`] = `
ShallowWrapper {
  "length": 1,
  Symbol(enzyme.__root__): [Circular],
  Symbol(enzyme.__unrendered__): <Header />,
  Symbol(enzyme.__renderer__): Object {
    "batchedUpdates": [Function],
    "getNode": [Function],
    "render": [Function],
    "simulateEvent": [Function],
    "unmount": [Function],
  },
  Symbol(enzyme.__node__): Object {
    "instance": null,
    "key": undefined,
    "nodeType": "host",
    "props": Object {
      "children": <nav>
        <img
                alt="logo"
                className="logo"
                src="logo.svg"
        />
        <div
                className="nav-right"
        >
                <a
                        className="button button-primary"
                >
                        Sign Up
                </a>
        </div>
</nav>,
    },
    "ref": null,
    "rendered": Object {
      "instance": null,
      "key": undefined,
      "nodeType": "host",
      "props": Object {
        "children": Array [
          <img
            alt="logo"
            className="logo"
            src="logo.svg"
/>,
          <div
            className="nav-right"
>
            <a
                        className="button button-primary"
            >
                        Sign Up
            </a>
</div>,
        ],
      },
      "ref": null,
      "rendered": Array [
        Object {
          "instance": null,
          "key": undefined,
          "nodeType": "host",
          "props": Object {
            "alt": "logo",
            "className": "logo",
            "src": "logo.svg",
          },
          "ref": null,
          "rendered": null,
          "type": "img",
        },
        Object {
          "instance": null,
          "key": undefined,
          "nodeType": "host",
          "props": Object {
            "children": <a
              className="button button-primary"
>
              Sign Up
</a>,
            "className": "nav-right",
          },
          "ref": null,
          "rendered": Object {
            "instance": null,
            "key": undefined,
            "nodeType": "host",
            "props": Object {
              "children": "Sign Up",
              "className": "button button-primary",
            },
            "ref": null,
            "rendered": "Sign Up",
            "type": "a",
          },
          "type": "div",
        },
      ],
      "type": "nav",
    },
    "type": "header",
  },
  Symbol(enzyme.__nodes__): Array [
    Object {
      "instance": null,
      "key": undefined,
      "nodeType": "host",
      "props": Object {
        "children": <nav>
          <img
                    alt="logo"
                    className="logo"
                    src="logo.svg"
          />
          <div
                    className="nav-right"
          >
                    <a
                              className="button button-primary"
                    >
                              Sign Up
                    </a>
          </div>
</nav>,
      },
      "ref": null,
      "rendered": Object {
        "instance": null,
        "key": undefined,
        "nodeType": "host",
        "props": Object {
          "children": Array [
            <img
              alt="logo"
              className="logo"
              src="logo.svg"
/>,
            <div
              className="nav-right"
>
              <a
                            className="button button-primary"
              >
                            Sign Up
              </a>
</div>,
          ],
        },
        "ref": null,
        "rendered": Array [
          Object {
            "instance": null,
            "key": undefined,
            "nodeType": "host",
            "props": Object {
              "alt": "logo",
              "className": "logo",
              "src": "logo.svg",
            },
            "ref": null,
            "rendered": null,
            "type": "img",
          },
          Object {
            "instance": null,
            "key": undefined,
            "nodeType": "host",
            "props": Object {
              "children": <a
                className="button button-primary"
>
                Sign Up
</a>,
              "className": "nav-right",
            },
            "ref": null,
            "rendered": Object {
              "instance": null,
              "key": undefined,
              "nodeType": "host",
              "props": Object {
                "children": "Sign Up",
                "className": "button button-primary",
              },
              "ref": null,
              "rendered": "Sign Up",
              "type": "a",
            },
            "type": "div",
          },
        ],
        "type": "nav",
      },
      "type": "header",
    },
  ],
  Symbol(enzyme.__options__): Object {
    "adapter": ReactSixteenAdapter {
      "options": Object {
        "enableComponentDidUpdateOnSetState": true,
      },
    },
  },
}
`;
