// Jest Snapshot v1, https://goo.gl/fbAQLP

exports[`Hero should render correctly 1`] = `
ShallowWrapper {
  "length": 1,
  Symbol(enzyme.__root__): [Circular],
  Symbol(enzyme.__unrendered__): <Hero
    handleSubmit={[Function]}
    hasError={false}
/>,
  Symbol(enzyme.__renderer__): Object {
    "batchedUpdates": [Function],
    "getNode": [Function],
    "render": [Function],
    "simulateEvent": [Function],
    "unmount": [Function],
  },
  Symbol(enzyme.__node__): Object {
    "instance": null,
    "key": undefined,
    "nodeType": "host",
    "props": Object {
      "children": Array [
        <div
          className="hero-image"
/>,
        <div
          className="hero-content"
>
          <div
                    className="hero-container"
          >
                    <p
                              className="title"
                    >
                              Target exclusive offer.
                    </p>
                    <p
                              className="subtitle"
                    >
                              $49 membership (reg. $99) + $15 credit with qualifying purchase.*
                    </p>
                    <SearchBar
                              handleSubmit={[Function]}
                              hasError={false}
                    />
                    <p
                              className="small-text"
                    >
                              *Membership offer valid for new members only. Target order of $100 or more must be placed to qualify for $15 credit, which expires 30 days after qualifying order is placed and can be applied to any order from Shipt.
                    </p>
          </div>
</div>,
      ],
      "className": "hero",
    },
    "ref": null,
    "rendered": Array [
      Object {
        "instance": null,
        "key": undefined,
        "nodeType": "host",
        "props": Object {
          "className": "hero-image",
        },
        "ref": null,
        "rendered": null,
        "type": "div",
      },
      Object {
        "instance": null,
        "key": undefined,
        "nodeType": "host",
        "props": Object {
          "children": <div
            className="hero-container"
>
            <p
                        className="title"
            >
                        Target exclusive offer.
            </p>
            <p
                        className="subtitle"
            >
                        $49 membership (reg. $99) + $15 credit with qualifying purchase.*
            </p>
            <SearchBar
                        handleSubmit={[Function]}
                        hasError={false}
            />
            <p
                        className="small-text"
            >
                        *Membership offer valid for new members only. Target order of $100 or more must be placed to qualify for $15 credit, which expires 30 days after qualifying order is placed and can be applied to any order from Shipt.
            </p>
</div>,
          "className": "hero-content",
        },
        "ref": null,
        "rendered": Object {
          "instance": null,
          "key": undefined,
          "nodeType": "host",
          "props": Object {
            "children": Array [
              <p
                className="title"
>
                Target exclusive offer.
</p>,
              <p
                className="subtitle"
>
                $49 membership (reg. $99) + $15 credit with qualifying purchase.*
</p>,
              <SearchBar
                handleSubmit={[Function]}
                hasError={false}
/>,
              <p
                className="small-text"
>
                *Membership offer valid for new members only. Target order of $100 or more must be placed to qualify for $15 credit, which expires 30 days after qualifying order is placed and can be applied to any order from Shipt.
</p>,
            ],
            "className": "hero-container",
          },
          "ref": null,
          "rendered": Array [
            Object {
              "instance": null,
              "key": undefined,
              "nodeType": "host",
              "props": Object {
                "children": "Target exclusive offer.",
                "className": "title",
              },
              "ref": null,
              "rendered": "Target exclusive offer.",
              "type": "p",
            },
            Object {
              "instance": null,
              "key": undefined,
              "nodeType": "host",
              "props": Object {
                "children": "$49 membership (reg. $99) + $15 credit with qualifying purchase.*",
                "className": "subtitle",
              },
              "ref": null,
              "rendered": "$49 membership (reg. $99) + $15 credit with qualifying purchase.*",
              "type": "p",
            },
            Object {
              "instance": null,
              "key": undefined,
              "nodeType": "class",
              "props": Object {
                "handleSubmit": [Function],
                "hasError": false,
              },
              "ref": null,
              "rendered": null,
              "type": [Function],
            },
            Object {
              "instance": null,
              "key": undefined,
              "nodeType": "host",
              "props": Object {
                "children": "*Membership offer valid for new members only. Target order of $100 or more must be placed to qualify for $15 credit, which expires 30 days after qualifying order is placed and can be applied to any order from Shipt.",
                "className": "small-text",
              },
              "ref": null,
              "rendered": "*Membership offer valid for new members only. Target order of $100 or more must be placed to qualify for $15 credit, which expires 30 days after qualifying order is placed and can be applied to any order from Shipt.",
              "type": "p",
            },
          ],
          "type": "div",
        },
        "type": "div",
      },
    ],
    "type": "section",
  },
  Symbol(enzyme.__nodes__): Array [
    Object {
      "instance": null,
      "key": undefined,
      "nodeType": "host",
      "props": Object {
        "children": Array [
          <div
            className="hero-image"
/>,
          <div
            className="hero-content"
>
            <div
                        className="hero-container"
            >
                        <p
                                    className="title"
                        >
                                    Target exclusive offer.
                        </p>
                        <p
                                    className="subtitle"
                        >
                                    $49 membership (reg. $99) + $15 credit with qualifying purchase.*
                        </p>
                        <SearchBar
                                    handleSubmit={[Function]}
                                    hasError={false}
                        />
                        <p
                                    className="small-text"
                        >
                                    *Membership offer valid for new members only. Target order of $100 or more must be placed to qualify for $15 credit, which expires 30 days after qualifying order is placed and can be applied to any order from Shipt.
                        </p>
            </div>
</div>,
        ],
        "className": "hero",
      },
      "ref": null,
      "rendered": Array [
        Object {
          "instance": null,
          "key": undefined,
          "nodeType": "host",
          "props": Object {
            "className": "hero-image",
          },
          "ref": null,
          "rendered": null,
          "type": "div",
        },
        Object {
          "instance": null,
          "key": undefined,
          "nodeType": "host",
          "props": Object {
            "children": <div
              className="hero-container"
>
              <p
                            className="title"
              >
                            Target exclusive offer.
              </p>
              <p
                            className="subtitle"
              >
                            $49 membership (reg. $99) + $15 credit with qualifying purchase.*
              </p>
              <SearchBar
                            handleSubmit={[Function]}
                            hasError={false}
              />
              <p
                            className="small-text"
              >
                            *Membership offer valid for new members only. Target order of $100 or more must be placed to qualify for $15 credit, which expires 30 days after qualifying order is placed and can be applied to any order from Shipt.
              </p>
</div>,
            "className": "hero-content",
          },
          "ref": null,
          "rendered": Object {
            "instance": null,
            "key": undefined,
            "nodeType": "host",
            "props": Object {
              "children": Array [
                <p
                  className="title"
>
                  Target exclusive offer.
</p>,
                <p
                  className="subtitle"
>
                  $49 membership (reg. $99) + $15 credit with qualifying purchase.*
</p>,
                <SearchBar
                  handleSubmit={[Function]}
                  hasError={false}
/>,
                <p
                  className="small-text"
>
                  *Membership offer valid for new members only. Target order of $100 or more must be placed to qualify for $15 credit, which expires 30 days after qualifying order is placed and can be applied to any order from Shipt.
</p>,
              ],
              "className": "hero-container",
            },
            "ref": null,
            "rendered": Array [
              Object {
                "instance": null,
                "key": undefined,
                "nodeType": "host",
                "props": Object {
                  "children": "Target exclusive offer.",
                  "className": "title",
                },
                "ref": null,
                "rendered": "Target exclusive offer.",
                "type": "p",
              },
              Object {
                "instance": null,
                "key": undefined,
                "nodeType": "host",
                "props": Object {
                  "children": "$49 membership (reg. $99) + $15 credit with qualifying purchase.*",
                  "className": "subtitle",
                },
                "ref": null,
                "rendered": "$49 membership (reg. $99) + $15 credit with qualifying purchase.*",
                "type": "p",
              },
              Object {
                "instance": null,
                "key": undefined,
                "nodeType": "class",
                "props": Object {
                  "handleSubmit": [Function],
                  "hasError": false,
                },
                "ref": null,
                "rendered": null,
                "type": [Function],
              },
              Object {
                "instance": null,
                "key": undefined,
                "nodeType": "host",
                "props": Object {
                  "children": "*Membership offer valid for new members only. Target order of $100 or more must be placed to qualify for $15 credit, which expires 30 days after qualifying order is placed and can be applied to any order from Shipt.",
                  "className": "small-text",
                },
                "ref": null,
                "rendered": "*Membership offer valid for new members only. Target order of $100 or more must be placed to qualify for $15 credit, which expires 30 days after qualifying order is placed and can be applied to any order from Shipt.",
                "type": "p",
              },
            ],
            "type": "div",
          },
          "type": "div",
        },
      ],
      "type": "section",
    },
  ],
  Symbol(enzyme.__options__): Object {
    "adapter": ReactSixteenAdapter {
      "options": Object {
        "enableComponentDidUpdateOnSetState": true,
      },
    },
  },
}
`;
